| test.c:67:7:67:11 | r0_6(int) = Constant[-1000]  | test.c:67:7:67:11 | - ... |
| test.c:154:39:154:40 | r3_0(long long) = Constant[-1]  | test.c:154:39:154:40 | (long long)... |
| test.c:171:7:171:8 | r16_1(int) = Constant[-7]  | test.c:171:7:171:8 | - ... |
| test.c:176:7:176:8 | r1_1(int) = Constant[-7]  | test.c:176:7:176:8 | - ... |
| test.c:181:7:181:8 | r4_1(int) = Constant[-7]  | test.c:181:7:181:8 | - ... |
| test.c:186:7:186:8 | r7_1(int) = Constant[-7]  | test.c:186:7:186:8 | - ... |
| test.c:186:23:186:24 | r9_2(int) = Constant[-2]  | test.c:186:23:186:24 | - ... |
| test.c:208:28:208:30 | r25_0(int) = Constant[-13]  | test.c:208:28:208:30 | - ... |
| test.c:212:28:212:30 | r5_0(int) = Constant[-13]  | test.c:212:28:212:30 | - ... |
| test.c:216:28:216:30 | r10_0(int) = Constant[-13]  | test.c:216:28:216:30 | - ... |
| test.c:216:45:216:46 | r11_2(int) = Constant[-7]  | test.c:216:45:216:46 | - ... |
| test.c:236:28:236:30 | r25_0(int) = Constant[-13]  | test.c:236:28:236:30 | - ... |
| test.c:240:28:240:30 | r5_0(int) = Constant[-13]  | test.c:240:28:240:30 | - ... |
| test.c:244:28:244:30 | r10_0(int) = Constant[-13]  | test.c:244:28:244:30 | - ... |
| test.c:244:45:244:46 | r11_2(int) = Constant[-7]  | test.c:244:45:244:46 | - ... |
| test.c:256:7:256:9 | r0_9(int) = Constant[-17]  | test.c:256:7:256:9 | - ... |
| test.c:260:7:260:9 | r18_1(int) = Constant[-17]  | test.c:260:7:260:9 | - ... |
| test.c:264:7:264:9 | r23_1(int) = Constant[-17]  | test.c:264:7:264:9 | - ... |
| test.c:264:30:264:32 | r25_0(int) = Constant[-13]  | test.c:264:30:264:32 | - ... |
| test.c:268:7:268:9 | r3_1(int) = Constant[-17]  | test.c:268:7:268:9 | - ... |
| test.c:268:30:268:32 | r5_0(int) = Constant[-13]  | test.c:268:30:268:32 | - ... |
| test.c:272:7:272:9 | r8_1(int) = Constant[-17]  | test.c:272:7:272:9 | - ... |
| test.c:272:30:272:32 | r10_0(int) = Constant[-13]  | test.c:272:30:272:32 | - ... |
| test.c:272:47:272:48 | r11_2(int) = Constant[-7]  | test.c:272:47:272:48 | - ... |
| test.c:284:7:284:9 | r0_9(int) = Constant[-17]  | test.c:284:7:284:9 | - ... |
| test.c:288:7:288:9 | r18_1(int) = Constant[-17]  | test.c:288:7:288:9 | - ... |
| test.c:292:7:292:9 | r23_1(int) = Constant[-17]  | test.c:292:7:292:9 | - ... |
| test.c:292:29:292:31 | r25_0(int) = Constant[-13]  | test.c:292:29:292:31 | - ... |
| test.c:296:7:296:9 | r3_1(int) = Constant[-17]  | test.c:296:7:296:9 | - ... |
| test.c:296:29:296:31 | r5_0(int) = Constant[-13]  | test.c:296:29:296:31 | - ... |
| test.c:300:7:300:9 | r8_1(int) = Constant[-17]  | test.c:300:7:300:9 | - ... |
| test.c:300:29:300:31 | r10_0(int) = Constant[-13]  | test.c:300:29:300:31 | - ... |
| test.c:300:46:300:47 | r11_2(int) = Constant[-7]  | test.c:300:46:300:47 | - ... |
| test.c:312:7:312:9 | r0_9(int) = Constant[-17]  | test.c:312:7:312:9 | - ... |
| test.c:312:24:312:25 | r14_2(int) = Constant[-2]  | test.c:312:24:312:25 | - ... |
| test.c:316:7:316:9 | r18_1(int) = Constant[-17]  | test.c:316:7:316:9 | - ... |
| test.c:316:24:316:25 | r19_2(int) = Constant[-2]  | test.c:316:24:316:25 | - ... |
| test.c:320:7:320:9 | r23_1(int) = Constant[-17]  | test.c:320:7:320:9 | - ... |
| test.c:320:24:320:25 | r24_2(int) = Constant[-2]  | test.c:320:24:320:25 | - ... |
| test.c:320:30:320:32 | r25_0(int) = Constant[-13]  | test.c:320:30:320:32 | - ... |
| test.c:324:7:324:9 | r3_1(int) = Constant[-17]  | test.c:324:7:324:9 | - ... |
| test.c:324:24:324:25 | r4_2(int) = Constant[-2]  | test.c:324:24:324:25 | - ... |
| test.c:324:30:324:32 | r5_0(int) = Constant[-13]  | test.c:324:30:324:32 | - ... |
| test.c:328:7:328:9 | r8_1(int) = Constant[-17]  | test.c:328:7:328:9 | - ... |
| test.c:328:24:328:25 | r9_2(int) = Constant[-2]  | test.c:328:24:328:25 | - ... |
| test.c:328:30:328:32 | r10_0(int) = Constant[-13]  | test.c:328:30:328:32 | - ... |
| test.c:328:47:328:48 | r11_2(int) = Constant[-7]  | test.c:328:47:328:48 | - ... |
| test.c:339:12:339:13 | r2_1(int) = Constant[-1]  | test.c:339:12:339:13 | - ... |
| test.cpp:9:11:9:12 | r0_7(int) = Constant[-1]  | test.cpp:9:11:9:12 | - ... |
| test.cpp:30:12:30:13 | r11_3(int) = Constant[-1]  | test.cpp:30:12:30:13 | - ... |
| test.cpp:31:9:31:10 | r12_0(int) = Constant[-1]  | test.cpp:31:9:31:10 | - ... |
| test.cpp:36:12:36:15 | r15_3(int) = Constant[-128]  | test.cpp:36:12:36:15 | - ... |
| test.cpp:37:9:37:12 | r16_0(int) = Constant[-128]  | test.cpp:37:9:37:12 | - ... |
| test.cpp:42:12:42:16 | r19_3(int) = Constant[-1024]  | test.cpp:42:12:42:16 | - ... |
| test.cpp:43:9:43:13 | r20_0(int) = Constant[-1024]  | test.cpp:43:9:43:13 | - ... |
