missingOperand
| ir.cpp:809:7:809:13 | IndirectMayWriteSideEffect: call to Base | Instruction 'IndirectMayWriteSideEffect' is missing an expected operand with tag 'Address' in function '$@'. | ir.cpp:799:6:799:25 | IR: HierarchyConversions | void HierarchyConversions() |
| ir.cpp:810:7:810:26 | IndirectMayWriteSideEffect: call to Base | Instruction 'IndirectMayWriteSideEffect' is missing an expected operand with tag 'Address' in function '$@'. | ir.cpp:799:6:799:25 | IR: HierarchyConversions | void HierarchyConversions() |
| ir.cpp:823:7:823:13 | IndirectMayWriteSideEffect: call to Base | Instruction 'IndirectMayWriteSideEffect' is missing an expected operand with tag 'Address' in function '$@'. | ir.cpp:799:6:799:25 | IR: HierarchyConversions | void HierarchyConversions() |
| ir.cpp:824:7:824:26 | IndirectMayWriteSideEffect: call to Base | Instruction 'IndirectMayWriteSideEffect' is missing an expected operand with tag 'Address' in function '$@'. | ir.cpp:799:6:799:25 | IR: HierarchyConversions | void HierarchyConversions() |
unexpectedOperand
| ir.cpp:1321:10:1321:15 | ReturnSideEffect: call to getenv | SideEffect |
duplicateOperand
missingPhiOperand
missingOperandType
| ir.cpp:1321:10:1321:15 | SideEffect | Operand 'SideEffect' of instruction 'ReturnSideEffect' missing type in function 'char* getenvWrapper(char*)'. |
duplicateChiOperand
sideEffectWithoutPrimary
instructionWithoutSuccessor
ambiguousSuccessors
unexplainedLoop
unnecessaryPhiInstruction
memoryOperandDefinitionIsUnmodeled
operandAcrossFunctions
instructionWithoutUniqueBlock
containsLoopOfForwardEdges
lostReachability
backEdgeCountMismatch
useNotDominatedByDefinition
switchInstructionWithoutDefaultEdge
notMarkedAsConflated
wronglyMarkedAsConflated
invalidOverlap
missingCanonicalLanguageType
multipleCanonicalLanguageTypes
missingIRType
multipleIRTypes
missingCppType
